mode: atomic
github.com/maadiii/taskmanager/internal/infra/http/0.go:19.2,20.1 1 0
github.com/maadiii/taskmanager/internal/infra/http/0.go:31.2,34.1 5 0
github.com/maadiii/taskmanager/internal/infra/http/0.go:35.2,38.1 5 0
github.com/maadiii/taskmanager/internal/infra/http/0.go:40.2,41.44 5 0
github.com/maadiii/taskmanager/internal/infra/http/0.go:42.4,42.14 1 0
github.com/maadiii/taskmanager/internal/infra/http/0.go:43.5,44.1 2 0
github.com/maadiii/taskmanager/internal/infra/http/0.go:45.5,45.79 2 0
github.com/maadiii/taskmanager/internal/infra/http/0.go:46.6,47.1 1 0
github.com/maadiii/taskmanager/internal/infra/http/0.go:50.4,50.14 1 0
github.com/maadiii/taskmanager/internal/infra/http/0.go:53.4,54.1 2 0
github.com/maadiii/taskmanager/internal/infra/http/0.go:55.4,55.44 2 0
github.com/maadiii/taskmanager/internal/infra/http/0.go:56.5,57.1 1 0
github.com/maadiii/taskmanager/internal/infra/http/0.go:59.4,59.14 1 0
github.com/maadiii/taskmanager/internal/infra/http/0.go:63.2,63.11 1 0
github.com/maadiii/taskmanager/internal/infra/http/0.go:70.2,70.30 1 15
github.com/maadiii/taskmanager/internal/infra/http/0.go:71.3,72.1 2 11
github.com/maadiii/taskmanager/internal/infra/http/0.go:73.3,73.40 2 11
github.com/maadiii/taskmanager/internal/infra/http/0.go:74.4,76.1 3 1
github.com/maadiii/taskmanager/internal/infra/http/0.go:77.4,78.1 3 1
github.com/maadiii/taskmanager/internal/infra/http/0.go:80.3,82.1 5 10
github.com/maadiii/taskmanager/internal/infra/http/0.go:83.3,91.1 5 10
github.com/maadiii/taskmanager/internal/infra/http/0.go:92.3,93.17 5 10
github.com/maadiii/taskmanager/internal/infra/http/0.go:94.4,96.1 3 4
github.com/maadiii/taskmanager/internal/infra/http/0.go:97.4,98.1 3 4
github.com/maadiii/taskmanager/internal/infra/http/0.go:100.3,100.26 1 6
github.com/maadiii/taskmanager/internal/infra/http/0.go:106.2,106.45 1 11
github.com/maadiii/taskmanager/internal/infra/http/0.go:107.3,108.1 1 0
github.com/maadiii/taskmanager/internal/infra/http/0.go:111.2,111.48 1 11
github.com/maadiii/taskmanager/internal/infra/http/0.go:112.3,113.1 1 0
github.com/maadiii/taskmanager/internal/infra/http/0.go:116.2,116.47 1 11
github.com/maadiii/taskmanager/internal/infra/http/0.go:117.3,118.1 1 1
github.com/maadiii/taskmanager/internal/infra/http/0.go:121.2,121.16 1 10
github.com/maadiii/taskmanager/internal/infra/http/0.go:122.3,122.43 1 4
github.com/maadiii/taskmanager/internal/infra/http/0.go:123.4,124.1 1 0
github.com/maadiii/taskmanager/internal/infra/http/0.go:127.2,127.12 1 10
github.com/maadiii/taskmanager/internal/infra/http/0.go:131.2,133.1 1 10
github.com/maadiii/taskmanager/internal/infra/http/0.go:143.2,143.32 1 3
github.com/maadiii/taskmanager/internal/infra/http/0.go:145.3,146.1 3 11
github.com/maadiii/taskmanager/internal/infra/http/0.go:148.3,149.1 3 11
github.com/maadiii/taskmanager/internal/infra/http/0.go:152.3,153.1 3 11
github.com/maadiii/taskmanager/internal/infra/http/task.go:11.2,13.1 7 3
github.com/maadiii/taskmanager/internal/infra/http/task.go:14.2,19.1 7 3
